[2026-05-10 10:44:57] Request: GET | User ID: 1 | Role: utente
[2026-05-10 10:44:57] GET: Encontradas 0 mensagens.
[2026-05-10 10:45:04] Request: GET | User ID: 1 | Role: utente
[2026-05-10 10:45:04] GET: Encontradas 0 mensagens.
[2026-05-10 10:45:18] Request: GET | User ID: 1 | Role: utente
[2026-05-10 10:45:18] GET: Encontradas 0 mensagens.
[2026-05-10 10:45:19] Request: GET | User ID: 1 | Role: utente
[2026-05-10 10:45:19] GET: Encontradas 0 mensagens.
[2026-05-10 10:45:40] Request: GET | User ID: 1 | Role: utente
[2026-05-10 10:45:40] GET: Encontradas 0 mensagens.
[2026-05-10 12:43:32] Request: GET | User ID: 1 | Role: utente
[2026-05-10 12:43:32] GET: Encontradas 0 mensagens.
[2026-05-10 12:43:54] Request: GET | User ID: 1 | Role: utente
[2026-05-10 12:43:54] GET: Encontradas 0 mensagens.
[2026-05-10 12:43:57] Request: GET | User ID: 1 | Role: utente
[2026-05-10 12:43:57] GET: Encontradas 0 mensagens.
[2026-05-10 12:44:02] Request: GET | User ID: 1 | Role: utente
[2026-05-10 12:44:02] GET: Encontradas 0 mensagens.
[2026-05-10 12:44:07] Request: GET | User ID: 1 | Role: utente
[2026-05-10 12:44:07] GET: Encontradas 0 mensagens.
[2026-05-10 12:44:12] Request: GET | User ID: 1 | Role: utente
[2026-05-10 12:44:12] GET: Encontradas 0 mensagens.
[2026-05-10 12:44:17] Request: GET | User ID: 1 | Role: utente
[2026-05-10 12:44:17] GET: Encontradas 0 mensagens.
[2026-05-10 12:44:22] Request: GET | User ID: 1 | Role: utente
[2026-05-10 12:44:22] GET: Encontradas 0 mensagens.
[2026-05-10 12:44:30] Request: GET | User ID: 1 | Role: utente
[2026-05-10 12:44:30] GET: Encontradas 0 mensagens.
[2026-05-10 12:44:33] Request: GET | User ID: 1 | Role: utente
[2026-05-10 12:44:33] GET: Encontradas 0 mensagens.
[2026-05-10 12:44:37] Request: GET | User ID: 1 | Role: utente
[2026-05-10 12:44:37] GET: Encontradas 0 mensagens.
[2026-05-10 12:44:42] Request: GET | User ID: 1 | Role: utente
[2026-05-10 12:44:42] GET: Encontradas 0 mensagens.
[2026-05-10 12:44:47] Request: GET | User ID: 1 | Role: utente
[2026-05-10 12:44:47] GET: Encontradas 0 mensagens.
[2026-05-10 12:44:52] Request: GET | User ID: 1 | Role: utente
[2026-05-10 12:44:52] GET: Encontradas 0 mensagens.
[2026-05-10 12:44:57] Request: GET | User ID: 1 | Role: utente
[2026-05-10 12:44:57] GET: Encontradas 0 mensagens.
[2026-05-10 12:45:51] Request: GET | User ID: 1 | Role: utente
[2026-05-10 12:45:51] GET: Encontradas 0 mensagens.
[2026-05-10 12:46:51] Request: GET | User ID: 1 | Role: utente
[2026-05-10 12:46:51] GET: Encontradas 0 mensagens.
[2026-05-10 12:47:51] Request: GET | User ID: 1 | Role: utente
[2026-05-10 12:47:51] GET: Encontradas 0 mensagens.
[2026-05-10 12:48:51] Request: GET | User ID: 1 | Role: utente
[2026-05-10 12:48:51] GET: Encontradas 0 mensagens.
[2026-05-10 12:49:51] Request: GET | User ID: 1 | Role: utente
[2026-05-10 12:49:51] GET: Encontradas 0 mensagens.
[2026-05-10 12:50:51] Request: GET | User ID: 1 | Role: utente
[2026-05-10 12:50:51] GET: Encontradas 0 mensagens.
[2026-05-10 12:51:51] Request: GET | User ID: 1 | Role: utente
[2026-05-10 12:51:51] GET: Encontradas 0 mensagens.
[2026-05-10 12:52:51] Request: GET | User ID: 1 | Role: utente
[2026-05-10 12:52:51] GET: Encontradas 0 mensagens.
[2026-05-10 12:53:51] Request: GET | User ID: 1 | Role: utente
[2026-05-10 12:53:51] GET: Encontradas 0 mensagens.
[2026-05-10 12:54:51] Request: GET | User ID: 1 | Role: utente
[2026-05-10 12:54:51] GET: Encontradas 0 mensagens.
[2026-05-10 12:55:51] Request: GET | User ID: 1 | Role: utente
[2026-05-10 12:55:51] GET: Encontradas 0 mensagens.
[2026-05-10 12:56:51] Request: GET | User ID: 1 | Role: utente
[2026-05-10 12:56:51] GET: Encontradas 0 mensagens.
[2026-05-10 12:57:51] Request: GET | User ID: 1 | Role: utente
[2026-05-10 12:57:51] GET: Encontradas 0 mensagens.
[2026-05-10 12:58:51] Request: GET | User ID: 1 | Role: utente
[2026-05-10 12:58:51] GET: Encontradas 0 mensagens.
[2026-05-10 12:59:51] Request: GET | User ID: 1 | Role: utente
[2026-05-10 12:59:51] GET: Encontradas 0 mensagens.
[2026-05-10 13:00:51] Request: GET | User ID: 1 | Role: utente
[2026-05-10 13:00:51] GET: Encontradas 0 mensagens.
[2026-05-10 13:01:51] Request: GET | User ID: 1 | Role: utente
[2026-05-10 13:01:51] GET: Encontradas 0 mensagens.
[2026-05-10 13:02:51] Request: GET | User ID: 1 | Role: utente
[2026-05-10 13:02:51] GET: Encontradas 0 mensagens.
[2026-05-10 13:03:51] Request: GET | User ID: 1 | Role: utente
[2026-05-10 13:03:51] GET: Encontradas 0 mensagens.
[2026-05-10 13:04:51] Request: GET | User ID: 1 | Role: utente
[2026-05-10 13:04:51] GET: Encontradas 0 mensagens.
[2026-05-10 13:05:51] Request: GET | User ID: 1 | Role: utente
[2026-05-10 13:05:51] GET: Encontradas 0 mensagens.
[2026-05-10 13:06:51] Request: GET | User ID: 1 | Role: utente
[2026-05-10 13:06:51] GET: Encontradas 0 mensagens.
[2026-05-10 13:07:51] Request: GET | User ID: 1 | Role: utente
[2026-05-10 13:07:51] GET: Encontradas 0 mensagens.
[2026-05-10 13:08:51] Request: GET | User ID: 1 | Role: utente
[2026-05-10 13:08:51] GET: Encontradas 0 mensagens.
[2026-05-10 13:09:51] Request: GET | User ID: 1 | Role: utente
[2026-05-10 13:09:51] GET: Encontradas 0 mensagens.
[2026-05-10 13:10:51] Request: GET | User ID: 1 | Role: utente
[2026-05-10 13:10:51] GET: Encontradas 0 mensagens.
[2026-05-10 13:11:51] Request: GET | User ID: 1 | Role: utente
[2026-05-10 13:11:51] GET: Encontradas 0 mensagens.
[2026-05-10 13:12:51] Request: GET | User ID: 1 | Role: utente
[2026-05-10 13:12:51] GET: Encontradas 0 mensagens.
[2026-05-10 13:13:51] Request: GET | User ID: 1 | Role: utente
[2026-05-10 13:13:51] GET: Encontradas 0 mensagens.
[2026-05-10 13:14:51] Request: GET | User ID: 1 | Role: utente
[2026-05-10 13:14:51] GET: Encontradas 0 mensagens.
[2026-05-10 13:15:51] Request: GET | User ID: 1 | Role: utente
[2026-05-10 13:15:51] GET: Encontradas 0 mensagens.
[2026-05-10 13:16:51] Request: GET | User ID: 1 | Role: utente
[2026-05-10 13:16:51] GET: Encontradas 0 mensagens.
[2026-05-10 13:17:51] Request: GET | User ID: 1 | Role: utente
[2026-05-10 13:17:51] GET: Encontradas 0 mensagens.
[2026-05-10 13:18:51] Request: GET | User ID: 1 | Role: utente
[2026-05-10 13:18:51] GET: Encontradas 0 mensagens.
[2026-05-10 13:19:51] Request: GET | User ID: 1 | Role: utente
[2026-05-10 13:19:51] GET: Encontradas 0 mensagens.
[2026-05-10 13:20:51] Request: GET | User ID: 1 | Role: utente
[2026-05-10 13:20:51] GET: Encontradas 0 mensagens.
[2026-05-10 13:21:51] Request: GET | User ID: 1 | Role: utente
[2026-05-10 13:21:51] GET: Encontradas 0 mensagens.
[2026-05-10 13:22:51] Request: GET | User ID: 1 | Role: utente
[2026-05-10 13:22:51] GET: Encontradas 0 mensagens.
[2026-05-10 13:23:51] Request: GET | User ID: 1 | Role: utente
[2026-05-10 13:23:51] GET: Encontradas 0 mensagens.
[2026-05-10 13:24:51] Request: GET | User ID: 1 | Role: utente
[2026-05-10 13:24:51] GET: Encontradas 0 mensagens.
[2026-05-10 13:25:51] Request: GET | User ID: 1 | Role: utente
[2026-05-10 13:25:51] GET: Encontradas 0 mensagens.
[2026-05-10 13:26:51] Request: GET | User ID: 1 | Role: utente
[2026-05-10 13:26:51] GET: Encontradas 0 mensagens.
[2026-05-10 13:27:51] Request: GET | User ID: 1 | Role: utente
[2026-05-10 13:27:51] GET: Encontradas 0 mensagens.
[2026-05-10 13:28:51] Request: GET | User ID: 1 | Role: utente
[2026-05-10 13:28:51] GET: Encontradas 0 mensagens.
[2026-05-10 13:29:51] Request: GET | User ID: 1 | Role: utente
[2026-05-10 13:29:51] GET: Encontradas 0 mensagens.
[2026-05-10 13:30:51] Request: GET | User ID: 1 | Role: utente
[2026-05-10 13:30:51] GET: Encontradas 0 mensagens.
[2026-05-10 13:31:51] Request: GET | User ID: 1 | Role: utente
[2026-05-10 13:31:51] GET: Encontradas 0 mensagens.
[2026-05-10 13:32:51] Request: GET | User ID: 1 | Role: utente
[2026-05-10 13:32:51] GET: Encontradas 0 mensagens.
[2026-05-10 13:33:51] Request: GET | User ID: 1 | Role: utente
[2026-05-10 13:33:51] GET: Encontradas 0 mensagens.
[2026-05-10 13:34:51] Request: GET | User ID: 1 | Role: utente
[2026-05-10 13:34:51] GET: Encontradas 0 mensagens.
[2026-05-10 13:35:51] Request: GET | User ID: 1 | Role: utente
[2026-05-10 13:35:51] GET: Encontradas 0 mensagens.
[2026-05-10 13:36:51] Request: GET | User ID: 1 | Role: utente
[2026-05-10 13:36:51] GET: Encontradas 0 mensagens.
[2026-05-10 13:37:51] Request: GET | User ID: 1 | Role: utente
[2026-05-10 13:37:51] GET: Encontradas 0 mensagens.
[2026-05-10 13:38:51] Request: GET | User ID: 1 | Role: utente
[2026-05-10 13:38:51] GET: Encontradas 0 mensagens.
[2026-05-10 13:39:51] Request: GET | User ID: 1 | Role: utente
[2026-05-10 13:39:51] GET: Encontradas 0 mensagens.
[2026-05-10 13:40:51] Request: GET | User ID: 1 | Role: utente
[2026-05-10 13:40:51] GET: Encontradas 0 mensagens.
[2026-05-10 13:41:51] Request: GET | User ID: 1 | Role: utente
[2026-05-10 13:41:51] GET: Encontradas 0 mensagens.
[2026-05-10 13:42:51] Request: GET | User ID: 1 | Role: utente
[2026-05-10 13:42:51] GET: Encontradas 0 mensagens.
[2026-05-10 13:43:51] Request: GET | User ID: 1 | Role: utente
[2026-05-10 13:43:51] GET: Encontradas 0 mensagens.
[2026-05-10 13:44:51] Request: GET | User ID: 1 | Role: utente
[2026-05-10 13:44:51] GET: Encontradas 0 mensagens.
[2026-05-10 13:45:51] Request: GET | User ID: 1 | Role: utente
[2026-05-10 13:45:51] GET: Encontradas 0 mensagens.
[2026-05-10 13:46:51] Request: GET | User ID: 1 | Role: utente
[2026-05-10 13:46:51] GET: Encontradas 0 mensagens.
[2026-05-10 13:47:51] Request: GET | User ID: 1 | Role: utente
[2026-05-10 13:47:51] GET: Encontradas 0 mensagens.
[2026-05-10 13:48:51] Request: GET | User ID: 1 | Role: utente
[2026-05-10 13:48:51] GET: Encontradas 0 mensagens.
[2026-05-10 13:49:51] Request: GET | User ID: 1 | Role: utente
[2026-05-10 13:49:51] GET: Encontradas 0 mensagens.
[2026-05-10 13:50:51] Request: GET | User ID: 1 | Role: utente
[2026-05-10 13:50:51] GET: Encontradas 0 mensagens.
[2026-05-10 13:51:51] Request: GET | User ID: 1 | Role: utente
[2026-05-10 13:51:51] GET: Encontradas 0 mensagens.
[2026-05-10 13:52:51] Request: GET | User ID: 1 | Role: utente
[2026-05-10 13:52:51] GET: Encontradas 0 mensagens.
[2026-05-10 13:53:51] Request: GET | User ID: 1 | Role: utente
[2026-05-10 13:53:51] GET: Encontradas 0 mensagens.
[2026-05-10 13:54:51] Request: GET | User ID: 1 | Role: utente
[2026-05-10 13:54:51] GET: Encontradas 0 mensagens.
[2026-05-10 13:55:51] Request: GET | User ID: 1 | Role: utente
[2026-05-10 13:55:51] GET: Encontradas 0 mensagens.
[2026-05-10 13:56:51] Request: GET | User ID: 1 | Role: utente
[2026-05-10 13:56:51] GET: Encontradas 0 mensagens.
[2026-05-10 13:57:51] Request: GET | User ID: 1 | Role: utente
[2026-05-10 13:57:51] GET: Encontradas 0 mensagens.
[2026-05-10 13:58:51] Request: GET | User ID: 1 | Role: utente
[2026-05-10 13:58:51] GET: Encontradas 0 mensagens.
[2026-05-10 13:59:51] Request: GET | User ID: 1 | Role: utente
[2026-05-10 13:59:51] GET: Encontradas 0 mensagens.
[2026-05-10 14:00:51] Request: GET | User ID: 1 | Role: utente
[2026-05-10 14:00:51] GET: Encontradas 0 mensagens.
[2026-05-10 14:01:51] Request: GET | User ID: 1 | Role: utente
[2026-05-10 14:01:51] GET: Encontradas 0 mensagens.
[2026-05-10 14:02:51] Request: GET | User ID: 1 | Role: utente
[2026-05-10 14:02:51] GET: Encontradas 0 mensagens.
[2026-05-10 14:03:51] Request: GET | User ID: 1 | Role: utente
[2026-05-10 14:03:51] GET: Encontradas 0 mensagens.
[2026-05-10 14:04:51] Request: GET | User ID: 1 | Role: utente
[2026-05-10 14:04:51] GET: Encontradas 0 mensagens.
[2026-05-10 14:05:51] Request: GET | User ID: 1 | Role: utente
[2026-05-10 14:05:51] GET: Encontradas 0 mensagens.
[2026-05-10 14:06:51] Request: GET | User ID: 1 | Role: utente
[2026-05-10 14:06:51] GET: Encontradas 0 mensagens.
[2026-05-10 14:07:51] Request: GET | User ID: 1 | Role: utente
[2026-05-10 14:07:51] GET: Encontradas 0 mensagens.
[2026-05-10 14:08:51] Request: GET | User ID: 1 | Role: utente
[2026-05-10 14:08:51] GET: Encontradas 0 mensagens.
[2026-05-10 14:09:51] Request: GET | User ID: 1 | Role: utente
[2026-05-10 14:09:51] GET: Encontradas 0 mensagens.
[2026-05-10 14:10:51] Request: GET | User ID: 1 | Role: utente
[2026-05-10 14:10:51] GET: Encontradas 0 mensagens.
[2026-05-10 14:11:51] Request: GET | User ID: 1 | Role: utente
[2026-05-10 14:11:51] GET: Encontradas 0 mensagens.
[2026-05-10 14:12:51] Request: GET | User ID: 1 | Role: utente
[2026-05-10 14:12:51] GET: Encontradas 0 mensagens.
[2026-05-10 14:13:51] Request: GET | User ID: 1 | Role: utente
[2026-05-10 14:13:51] GET: Encontradas 0 mensagens.
[2026-05-10 14:14:51] Request: GET | User ID: 1 | Role: utente
[2026-05-10 14:14:51] GET: Encontradas 0 mensagens.
[2026-05-10 14:15:51] Request: GET | User ID: 1 | Role: utente
[2026-05-10 14:15:51] GET: Encontradas 0 mensagens.
[2026-05-10 14:16:51] Request: GET | User ID: 1 | Role: utente
[2026-05-10 14:16:51] GET: Encontradas 0 mensagens.
[2026-05-10 14:17:51] Request: GET | User ID: 1 | Role: utente
[2026-05-10 14:17:51] GET: Encontradas 0 mensagens.
[2026-05-10 14:18:51] Request: GET | User ID: 1 | Role: utente
[2026-05-10 14:18:51] GET: Encontradas 0 mensagens.
[2026-05-10 14:19:51] Request: GET | User ID: 1 | Role: utente
[2026-05-10 14:19:51] GET: Encontradas 0 mensagens.
[2026-05-10 14:20:51] Request: GET | User ID: 1 | Role: utente
[2026-05-10 14:20:51] GET: Encontradas 0 mensagens.
[2026-05-10 14:21:51] Request: GET | User ID: 1 | Role: utente
[2026-05-10 14:21:51] GET: Encontradas 0 mensagens.
[2026-05-10 14:22:51] Request: GET | User ID: 1 | Role: utente
[2026-05-10 14:22:51] GET: Encontradas 0 mensagens.
[2026-05-10 14:23:51] Request: GET | User ID: 1 | Role: utente
[2026-05-10 14:23:51] GET: Encontradas 0 mensagens.
[2026-05-10 14:24:51] Request: GET | User ID: 1 | Role: utente
[2026-05-10 14:24:51] GET: Encontradas 0 mensagens.
[2026-05-10 14:25:51] Request: GET | User ID: 1 | Role: utente
[2026-05-10 14:25:51] GET: Encontradas 0 mensagens.
[2026-05-10 14:26:51] Request: GET | User ID: 1 | Role: utente
[2026-05-10 14:26:51] GET: Encontradas 0 mensagens.
[2026-05-10 14:27:51] Request: GET | User ID: 1 | Role: utente
[2026-05-10 14:27:51] GET: Encontradas 0 mensagens.
[2026-05-10 14:28:51] Request: GET | User ID: 1 | Role: utente
[2026-05-10 14:28:51] GET: Encontradas 0 mensagens.
[2026-05-10 14:29:51] Request: GET | User ID: 1 | Role: utente
[2026-05-10 14:29:51] GET: Encontradas 0 mensagens.
[2026-05-10 20:50:45] Request: GET | User ID: 3 | Role: admin
[2026-05-10 20:50:45] GET: Encontradas 3 mensagens.
[2026-05-10 20:50:49] Request: GET | User ID: 3 | Role: admin
[2026-05-10 20:50:49] GET: Encontradas 3 mensagens.
[2026-05-10 20:50:51] Request: POST | User ID: 3 | Role: admin
[2026-05-10 20:50:51] POST: Recebido payload: {"conteudo":"Ol\u00e1","destinatario_id":"4"}
[2026-05-10 20:50:51] POST: Destinatário identificado: 4
[2026-05-10 20:50:51] POST: Sucesso ao inserir ID 4
[2026-05-10 20:50:51] Request: GET | User ID: 3 | Role: admin
[2026-05-10 20:50:51] GET: Encontradas 4 mensagens.
[2026-05-10 20:53:00] Request: GET | User ID: 7 | Role: utente
[2026-05-10 20:53:00] GET: Encontradas 0 mensagens.
[2026-05-10 20:53:05] Request: GET | User ID: 7 | Role: utente
[2026-05-10 20:53:05] GET: Encontradas 0 mensagens.
[2026-05-10 20:53:52] Request: GET | User ID: 3 | Role: admin
[2026-05-10 20:53:52] GET: Encontradas 0 mensagens.
[2026-05-10 20:53:57] Request: POST | User ID: 3 | Role: admin
[2026-05-10 20:53:57] POST: Recebido payload: {"conteudo":"dgfgtt","destinatario_id":7}
[2026-05-10 20:53:57] POST: Destinatário identificado: 7
[2026-05-10 20:53:57] POST: Sucesso ao inserir ID 5
[2026-05-10 20:53:57] Request: GET | User ID: 3 | Role: admin
[2026-05-10 20:53:57] GET: Encontradas 1 mensagens.
[2026-05-10 20:53:57] Request: GET | User ID: 3 | Role: admin
[2026-05-10 20:53:57] GET: Encontradas 1 mensagens.
[2026-05-10 20:55:10] Request: GET | User ID: 7 | Role: utente
[2026-05-10 20:55:10] GET: Encontradas 1 mensagens.
[2026-05-10 20:55:15] Request: GET | User ID: 7 | Role: utente
[2026-05-10 20:55:15] GET: Encontradas 1 mensagens.
[2026-05-10 20:55:20] Request: GET | User ID: 7 | Role: utente
[2026-05-10 20:55:20] GET: Encontradas 1 mensagens.
[2026-05-10 20:55:25] Request: GET | User ID: 7 | Role: utente
[2026-05-10 20:55:25] GET: Encontradas 1 mensagens.
[2026-05-10 20:55:30] Request: GET | User ID: 7 | Role: utente
[2026-05-10 20:55:30] GET: Encontradas 1 mensagens.
[2026-05-11 07:50:46] Request: GET | User ID: 7 | Role: utente
[2026-05-11 07:50:46] GET: Encontradas 1 mensagens.
[2026-05-11 08:20:33] Request: GET | User ID: 3 | Role: admin
[2026-05-11 08:20:33] GET: Encontradas 0 mensagens.
[2026-05-11 08:20:38] Request: GET | User ID: 3 | Role: admin
[2026-05-11 08:20:38] GET: Encontradas 0 mensagens.
[2026-05-11 08:20:43] Request: GET | User ID: 3 | Role: admin
[2026-05-11 08:20:43] GET: Encontradas 0 mensagens.
[2026-05-11 08:20:48] Request: GET | User ID: 3 | Role: admin
[2026-05-11 08:20:48] GET: Encontradas 0 mensagens.
[2026-05-11 08:20:50] Request: POST | User ID: 3 | Role: admin
[2026-05-11 08:20:50] POST: Recebido payload: {"conteudo":"Ol\u00e1, a sua reserva fou aprovada","destinatario_id":8}
[2026-05-11 08:20:50] POST: Destinatário identificado: 8
[2026-05-11 08:20:50] POST: Sucesso ao inserir ID 6
[2026-05-11 08:20:50] Request: GET | User ID: 3 | Role: admin
[2026-05-11 08:20:50] GET: Encontradas 1 mensagens.
[2026-05-11 08:20:52] Request: GET | User ID: 3 | Role: admin
[2026-05-11 08:20:52] GET: Encontradas 1 mensagens.
[2026-05-11 08:20:53] Request: GET | User ID: 3 | Role: admin
[2026-05-11 08:20:53] GET: Encontradas 1 mensagens.
[2026-05-11 08:20:53] Request: GET | User ID: 3 | Role: admin
[2026-05-11 08:20:53] GET: Encontradas 4 mensagens.
[2026-05-11 08:20:54] Request: GET | User ID: 3 | Role: admin
[2026-05-11 08:20:54] GET: Encontradas 1 mensagens.
[2026-05-11 08:20:57] Request: GET | User ID: 3 | Role: admin
[2026-05-11 08:20:57] GET: Encontradas 4 mensagens.
[2026-05-11 08:20:58] Request: GET | User ID: 3 | Role: admin
[2026-05-11 08:20:58] GET: Encontradas 4 mensagens.
[2026-05-11 08:20:59] Request: GET | User ID: 3 | Role: admin
[2026-05-11 08:20:59] GET: Encontradas 1 mensagens.
[2026-05-11 08:21:27] Request: GET | User ID: 8 | Role: utente
[2026-05-11 08:21:27] GET: Encontradas 1 mensagens.
[2026-05-11 08:21:32] Request: GET | User ID: 8 | Role: utente
[2026-05-11 08:21:32] GET: Encontradas 1 mensagens.
[2026-05-11 08:21:37] Request: GET | User ID: 8 | Role: utente
[2026-05-11 08:21:37] GET: Encontradas 1 mensagens.
[2026-05-11 08:21:44] Request: GET | User ID: 8 | Role: utente
[2026-05-11 08:21:44] GET: Encontradas 1 mensagens.
[2026-05-11 08:22:01] Request: GET | User ID: 8 | Role: utente
[2026-05-11 08:22:01] GET: Encontradas 1 mensagens.
[2026-05-11 08:40:14] Request: GET | User ID: 3 | Role: admin
[2026-05-11 08:40:14] GET: Encontradas 0 mensagens.
[2026-05-11 08:40:19] Request: GET | User ID: 3 | Role: admin
[2026-05-11 08:40:19] GET: Encontradas 0 mensagens.
[2026-05-11 08:40:24] Request: GET | User ID: 3 | Role: admin
[2026-05-11 08:40:24] GET: Encontradas 0 mensagens.
[2026-05-11 08:40:29] Request: GET | User ID: 3 | Role: admin
[2026-05-11 08:40:29] GET: Encontradas 0 mensagens.
[2026-05-11 08:40:34] Request: GET | User ID: 3 | Role: admin
[2026-05-11 08:40:34] GET: Encontradas 0 mensagens.
[2026-05-11 08:40:34] Request: POST | User ID: 3 | Role: admin
[2026-05-11 08:40:34] POST: Recebido payload: {"conteudo":"Ol\u00e1 Daniela, a sua reserva foi aprovada","destinatario_id":9}
[2026-05-11 08:40:34] POST: Destinatário identificado: 9
[2026-05-11 08:40:34] POST: Sucesso ao inserir ID 7
[2026-05-11 08:40:34] Request: GET | User ID: 3 | Role: admin
[2026-05-11 08:40:34] GET: Encontradas 1 mensagens.
[2026-05-11 08:42:39] Request: GET | User ID: 9 | Role: utente
[2026-05-11 08:42:39] GET: Encontradas 1 mensagens.
[2026-05-11 08:42:44] Request: GET | User ID: 9 | Role: utente
[2026-05-11 08:42:44] GET: Encontradas 1 mensagens.
[2026-05-11 08:42:49] Request: GET | User ID: 9 | Role: utente
[2026-05-11 08:42:49] GET: Encontradas 1 mensagens.
[2026-05-11 12:51:15] Request: GET | User ID: 9 | Role: utente
[2026-05-11 12:51:15] GET: Encontradas 1 mensagens.
[2026-05-11 12:51:20] Request: GET | User ID: 9 | Role: utente
[2026-05-11 12:51:20] GET: Encontradas 1 mensagens.
[2026-05-11 12:51:25] Request: GET | User ID: 9 | Role: utente
[2026-05-11 12:51:25] GET: Encontradas 1 mensagens.
[2026-05-11 12:51:30] Request: GET | User ID: 9 | Role: utente
[2026-05-11 12:51:30] GET: Encontradas 1 mensagens.
[2026-05-11 12:51:35] Request: GET | User ID: 9 | Role: utente
[2026-05-11 12:51:35] GET: Encontradas 1 mensagens.
[2026-05-11 12:51:40] Request: GET | User ID: 9 | Role: utente
[2026-05-11 12:51:40] GET: Encontradas 1 mensagens.
[2026-05-11 12:51:45] Request: GET | User ID: 9 | Role: utente
[2026-05-11 12:51:45] GET: Encontradas 1 mensagens.
[2026-05-11 12:51:50] Request: GET | User ID: 9 | Role: utente
[2026-05-11 12:51:50] GET: Encontradas 1 mensagens.
[2026-05-11 12:51:55] Request: GET | User ID: 9 | Role: utente
[2026-05-11 12:51:55] GET: Encontradas 1 mensagens.
[2026-05-11 12:52:00] Request: GET | User ID: 9 | Role: utente
[2026-05-11 12:52:00] GET: Encontradas 1 mensagens.
[2026-05-11 12:52:05] Request: GET | User ID: 9 | Role: utente
[2026-05-11 12:52:05] GET: Encontradas 1 mensagens.
[2026-05-11 12:52:10] Request: GET | User ID: 9 | Role: utente
[2026-05-11 12:52:10] GET: Encontradas 1 mensagens.
[2026-05-11 12:52:15] Request: GET | User ID: 9 | Role: utente
[2026-05-11 12:52:15] GET: Encontradas 1 mensagens.
[2026-05-11 12:52:42] Request: GET | User ID: 3 | Role: admin
[2026-05-11 12:52:42] GET: Encontradas 1 mensagens.
[2026-05-11 12:52:45] Request: GET | User ID: 3 | Role: admin
[2026-05-11 12:52:45] GET: Encontradas 1 mensagens.
[2026-05-11 12:52:46] Request: GET | User ID: 3 | Role: admin
[2026-05-11 12:52:46] GET: Encontradas 1 mensagens.
[2026-05-11 12:52:50] Request: GET | User ID: 3 | Role: admin
[2026-05-11 12:52:50] GET: Encontradas 1 mensagens.
[2026-05-11 12:52:55] Request: GET | User ID: 3 | Role: admin
[2026-05-11 12:52:55] GET: Encontradas 1 mensagens.
[2026-05-11 12:52:55] Request: GET | User ID: 3 | Role: admin
[2026-05-11 12:52:55] GET: Encontradas 1 mensagens.
[2026-05-11 12:53:00] Request: GET | User ID: 3 | Role: admin
[2026-05-11 12:53:00] GET: Encontradas 1 mensagens.
[2026-05-11 12:53:05] Request: GET | User ID: 3 | Role: admin
[2026-05-11 12:53:05] GET: Encontradas 1 mensagens.
[2026-05-11 12:53:06] Request: GET | User ID: 3 | Role: admin
[2026-05-11 12:53:06] GET: Encontradas 4 mensagens.
[2026-05-11 12:53:10] Request: GET | User ID: 3 | Role: admin
[2026-05-11 12:53:10] GET: Encontradas 4 mensagens.
[2026-05-11 12:53:15] Request: GET | User ID: 3 | Role: admin
[2026-05-11 12:53:15] GET: Encontradas 4 mensagens.
[2026-05-11 12:53:20] Request: GET | User ID: 3 | Role: admin
[2026-05-11 12:53:20] GET: Encontradas 4 mensagens.
[2026-05-12 06:22:53] Request: GET | User ID: 3 | Role: admin
[2026-05-12 06:22:53] GET: Encontradas 1 mensagens.
[2026-05-12 06:22:54] Request: GET | User ID: 3 | Role: admin
[2026-05-12 06:22:54] GET: Encontradas 1 mensagens.
[2026-05-12 06:22:55] Request: GET | User ID: 3 | Role: admin
[2026-05-12 06:22:55] GET: Encontradas 1 mensagens.
[2026-05-12 06:24:40] Request: GET | User ID: 9 | Role: utente
[2026-05-12 06:24:40] GET: Encontradas 1 mensagens.
[2026-05-12 06:24:45] Request: GET | User ID: 9 | Role: utente
[2026-05-12 06:24:45] GET: Encontradas 1 mensagens.
[2026-05-12 06:24:50] Request: GET | User ID: 9 | Role: utente
[2026-05-12 06:24:50] GET: Encontradas 1 mensagens.
[2026-05-12 06:24:55] Request: GET | User ID: 9 | Role: utente
[2026-05-12 06:24:55] GET: Encontradas 1 mensagens.
[2026-05-12 06:25:00] Request: GET | User ID: 9 | Role: utente
[2026-05-12 06:25:00] GET: Encontradas 1 mensagens.
[2026-05-12 06:25:05] Request: GET | User ID: 9 | Role: utente
[2026-05-12 06:25:05] GET: Encontradas 1 mensagens.
[2026-05-12 06:25:10] Request: GET | User ID: 9 | Role: utente
[2026-05-12 06:25:10] GET: Encontradas 1 mensagens.
[2026-05-12 06:25:15] Request: GET | User ID: 9 | Role: utente
[2026-05-12 06:25:15] GET: Encontradas 1 mensagens.
[2026-05-12 06:25:20] Request: GET | User ID: 9 | Role: utente
[2026-05-12 06:25:20] GET: Encontradas 1 mensagens.
[2026-05-12 06:25:25] Request: GET | User ID: 9 | Role: utente
[2026-05-12 06:25:25] GET: Encontradas 1 mensagens.
[2026-05-12 06:25:30] Request: GET | User ID: 9 | Role: utente
[2026-05-12 06:25:30] GET: Encontradas 1 mensagens.
[2026-05-12 06:25:35] Request: GET | User ID: 9 | Role: utente
[2026-05-12 06:25:35] GET: Encontradas 1 mensagens.
[2026-05-12 06:30:15] Request: GET | User ID: 9 | Role: utente
[2026-05-12 06:30:15] GET: Encontradas 1 mensagens.
[2026-05-12 06:30:20] Request: GET | User ID: 9 | Role: utente
[2026-05-12 06:30:20] GET: Encontradas 1 mensagens.
[2026-05-12 06:36:27] Request: GET | User ID: 9 | Role: utente
[2026-05-12 06:36:27] GET: Encontradas 1 mensagens.
[2026-05-12 06:37:37] Request: GET | User ID: 3 | Role: admin
[2026-05-12 06:37:37] GET: Encontradas 1 mensagens.
[2026-05-12 06:37:39] Request: GET | User ID: 3 | Role: admin
[2026-05-12 06:37:39] GET: Encontradas 1 mensagens.
[2026-05-12 06:37:44] Request: GET | User ID: 3 | Role: admin
[2026-05-12 06:37:44] GET: Encontradas 1 mensagens.
[2026-05-12 06:37:49] Request: GET | User ID: 3 | Role: admin
[2026-05-12 06:37:49] GET: Encontradas 1 mensagens.
[2026-05-12 06:37:54] Request: GET | User ID: 3 | Role: admin
[2026-05-12 06:37:54] GET: Encontradas 1 mensagens.
[2026-05-12 06:37:59] Request: GET | User ID: 3 | Role: admin
[2026-05-12 06:37:59] GET: Encontradas 1 mensagens.
[2026-05-12 06:38:04] Request: GET | User ID: 3 | Role: admin
[2026-05-12 06:38:04] GET: Encontradas 1 mensagens.
[2026-05-12 06:38:09] Request: GET | User ID: 3 | Role: admin
[2026-05-12 06:38:09] GET: Encontradas 1 mensagens.
[2026-05-12 06:38:14] Request: GET | User ID: 3 | Role: admin
[2026-05-12 06:38:14] GET: Encontradas 1 mensagens.
[2026-05-12 06:38:19] Request: GET | User ID: 3 | Role: admin
[2026-05-12 06:38:19] GET: Encontradas 1 mensagens.
[2026-05-12 06:38:24] Request: GET | User ID: 3 | Role: admin
[2026-05-12 06:38:24] GET: Encontradas 1 mensagens.
[2026-05-12 06:38:29] Request: GET | User ID: 3 | Role: admin
[2026-05-12 06:38:29] GET: Encontradas 1 mensagens.
[2026-05-12 06:38:34] Request: GET | User ID: 3 | Role: admin
[2026-05-12 06:38:34] GET: Encontradas 1 mensagens.
[2026-05-12 06:38:35] Request: POST | User ID: 3 | Role: admin
[2026-05-12 06:38:35] POST: Recebido payload: {"conteudo":"Ol\u00e1 Daniela, a sua reserva foi cancelada, pois n\u00e3o h\u00e1 carros dispon\u00edveis! Agradecemos a compreens\u00e3o.","destinatario_id":"9"}
[2026-05-12 06:38:35] POST: Destinatário identificado: 9
[2026-05-12 06:38:35] POST: Sucesso ao inserir ID 8
[2026-05-12 06:38:35] Request: GET | User ID: 3 | Role: admin
[2026-05-12 06:38:35] GET: Encontradas 2 mensagens.
[2026-05-12 06:38:39] Request: GET | User ID: 3 | Role: admin
[2026-05-12 06:38:39] GET: Encontradas 2 mensagens.
[2026-05-12 06:38:44] Request: GET | User ID: 3 | Role: admin
[2026-05-12 06:38:44] GET: Encontradas 2 mensagens.
[2026-05-12 06:39:40] Request: GET | User ID: 9 | Role: utente
[2026-05-12 06:39:40] GET: Encontradas 2 mensagens.
[2026-05-12 06:39:45] Request: GET | User ID: 9 | Role: utente
[2026-05-12 06:39:45] GET: Encontradas 2 mensagens.
[2026-05-12 06:39:50] Request: GET | User ID: 9 | Role: utente
[2026-05-12 06:39:50] GET: Encontradas 2 mensagens.
[2026-05-12 06:39:52] Request: GET | User ID: 9 | Role: utente
[2026-05-12 06:39:52] GET: Encontradas 2 mensagens.
[2026-05-12 06:39:55] Request: GET | User ID: 9 | Role: utente
[2026-05-12 06:39:55] GET: Encontradas 2 mensagens.
[2026-05-12 06:40:00] Request: GET | User ID: 9 | Role: utente
[2026-05-12 06:40:00] GET: Encontradas 2 mensagens.
[2026-05-12 06:40:05] Request: GET | User ID: 9 | Role: utente
[2026-05-12 06:40:05] GET: Encontradas 2 mensagens.
[2026-05-12 06:40:10] Request: GET | User ID: 9 | Role: utente
[2026-05-12 06:40:10] GET: Encontradas 2 mensagens.
[2026-05-12 14:43:10] Request: GET | User ID: 3 | Role: admin
[2026-05-12 14:43:10] GET: Encontradas 2 mensagens.
[2026-05-12 14:43:13] Request: GET | User ID: 3 | Role: admin
[2026-05-12 14:43:13] GET: Encontradas 2 mensagens.
[2026-05-12 14:43:18] Request: GET | User ID: 3 | Role: admin
[2026-05-12 14:43:18] GET: Encontradas 2 mensagens.
[2026-05-12 14:43:23] Request: GET | User ID: 3 | Role: admin
[2026-05-12 14:43:23] GET: Encontradas 2 mensagens.
[2026-05-13 17:58:33] Request: GET | User ID: 3 | Role: admin
[2026-05-13 17:58:33] GET: Encontradas 1 mensagens.
[2026-05-13 17:58:34] Request: GET | User ID: 3 | Role: admin
[2026-05-13 17:58:34] GET: Encontradas 1 mensagens.
[2026-05-13 17:58:39] Request: GET | User ID: 3 | Role: admin
[2026-05-13 17:58:39] GET: Encontradas 1 mensagens.
[2026-05-13 17:58:44] Request: GET | User ID: 3 | Role: admin
[2026-05-13 17:58:44] GET: Encontradas 1 mensagens.
[2026-05-13 17:58:49] Request: GET | User ID: 3 | Role: admin
[2026-05-13 17:58:49] GET: Encontradas 1 mensagens.
[2026-05-13 17:58:54] Request: GET | User ID: 3 | Role: admin
[2026-05-13 17:58:54] GET: Encontradas 1 mensagens.
[2026-05-13 17:58:59] Request: GET | User ID: 3 | Role: admin
[2026-05-13 17:58:59] GET: Encontradas 1 mensagens.
[2026-05-13 17:59:04] Request: GET | User ID: 3 | Role: admin
[2026-05-13 17:59:04] GET: Encontradas 1 mensagens.
[2026-05-13 17:59:09] Request: GET | User ID: 3 | Role: admin
[2026-05-13 17:59:09] GET: Encontradas 1 mensagens.
[2026-05-13 17:59:14] Request: GET | User ID: 3 | Role: admin
[2026-05-13 17:59:14] GET: Encontradas 1 mensagens.
[2026-05-13 17:59:19] Request: GET | User ID: 3 | Role: admin
[2026-05-13 17:59:19] GET: Encontradas 1 mensagens.
[2026-05-13 17:59:24] Request: GET | User ID: 3 | Role: admin
[2026-05-13 17:59:24] GET: Encontradas 1 mensagens.
[2026-05-13 18:01:34] Request: GET | User ID: 9 | Role: utente
[2026-05-13 18:01:34] GET: Encontradas 2 mensagens.
[2026-05-13 18:01:39] Request: GET | User ID: 9 | Role: utente
[2026-05-13 18:01:39] GET: Encontradas 2 mensagens.
[2026-05-13 18:01:44] Request: GET | User ID: 9 | Role: utente
[2026-05-13 18:01:44] GET: Encontradas 2 mensagens.
[2026-05-19 17:15:08] Request: GET | User ID: 3 | Role: admin
[2026-05-19 17:15:08] GET: Encontradas 2 mensagens.
[2026-05-19 17:15:08] Request: GET | User ID: 3 | Role: admin
[2026-05-19 17:15:08] GET: Encontradas 2 mensagens.
[2026-05-19 17:15:13] Request: GET | User ID: 3 | Role: admin
[2026-05-19 17:15:13] GET: Encontradas 2 mensagens.
[2026-05-19 17:15:18] Request: GET | User ID: 3 | Role: admin
[2026-05-19 17:15:18] GET: Encontradas 2 mensagens.
[2026-05-19 17:15:23] Request: GET | User ID: 3 | Role: admin
[2026-05-19 17:15:23] GET: Encontradas 2 mensagens.
[2026-05-19 17:15:28] Request: GET | User ID: 3 | Role: admin
[2026-05-19 17:15:28] GET: Encontradas 2 mensagens.
[2026-05-19 17:15:33] Request: GET | User ID: 3 | Role: admin
[2026-05-19 17:15:33] GET: Encontradas 2 mensagens.
[2026-05-19 17:15:38] Request: GET | User ID: 3 | Role: admin
[2026-05-19 17:15:38] GET: Encontradas 2 mensagens.
[2026-05-19 17:15:43] Request: GET | User ID: 3 | Role: admin
[2026-05-19 17:15:43] GET: Encontradas 2 mensagens.
[2026-05-19 17:15:48] Request: GET | User ID: 3 | Role: admin
[2026-05-19 17:15:48] GET: Encontradas 2 mensagens.
[2026-05-19 17:15:53] Request: GET | User ID: 3 | Role: admin
[2026-05-19 17:15:53] GET: Encontradas 2 mensagens.
[2026-05-19 17:15:58] Request: GET | User ID: 3 | Role: admin
[2026-05-19 17:15:58] GET: Encontradas 2 mensagens.
[2026-05-19 17:16:03] Request: GET | User ID: 3 | Role: admin
[2026-05-19 17:16:03] GET: Encontradas 2 mensagens.
[2026-05-19 17:16:08] Request: GET | User ID: 3 | Role: admin
[2026-05-19 17:16:08] GET: Encontradas 2 mensagens.
[2026-05-19 17:16:13] Request: GET | User ID: 3 | Role: admin
[2026-05-19 17:16:13] GET: Encontradas 2 mensagens.
[2026-05-19 17:16:18] Request: GET | User ID: 3 | Role: admin
[2026-05-19 17:16:18] GET: Encontradas 2 mensagens.
[2026-05-19 17:16:23] Request: GET | User ID: 3 | Role: admin
[2026-05-19 17:16:23] GET: Encontradas 2 mensagens.
[2026-05-19 17:16:28] Request: GET | User ID: 3 | Role: admin
[2026-05-19 17:16:28] GET: Encontradas 2 mensagens.
[2026-05-19 17:16:33] Request: GET | User ID: 3 | Role: admin
[2026-05-19 17:16:33] GET: Encontradas 2 mensagens.
[2026-05-19 17:16:38] Request: GET | User ID: 3 | Role: admin
[2026-05-19 17:16:38] GET: Encontradas 2 mensagens.
[2026-05-29 16:04:41] Request: GET | User ID: 1 | Role: utente
[2026-05-29 16:04:41] GET: Encontradas 0 mensagens.
[2026-05-29 16:29:51] Request: GET | User ID: 1 | Role: utente
[2026-05-29 16:29:51] GET: Encontradas 0 mensagens.
[2026-05-29 16:29:57] Request: GET | User ID: 1 | Role: utente
[2026-05-29 16:29:57] GET: Encontradas 0 mensagens.
[2026-05-29 16:30:01] Request: GET | User ID: 1 | Role: utente
[2026-05-29 16:30:01] GET: Encontradas 0 mensagens.
[2026-05-29 16:30:07] Request: GET | User ID: 1 | Role: utente
[2026-05-29 16:30:07] GET: Encontradas 0 mensagens.
[2026-05-29 16:30:12] Request: GET | User ID: 1 | Role: utente
[2026-05-29 16:30:12] GET: Encontradas 0 mensagens.
[2026-05-29 16:30:17] Request: GET | User ID: 1 | Role: utente
[2026-05-29 16:30:17] GET: Encontradas 0 mensagens.
[2026-05-29 16:30:22] Request: GET | User ID: 1 | Role: utente
[2026-05-29 16:30:22] GET: Encontradas 0 mensagens.
[2026-05-29 16:30:27] Request: GET | User ID: 1 | Role: utente
[2026-05-29 16:30:27] GET: Encontradas 0 mensagens.
[2026-05-29 16:30:32] Request: GET | User ID: 1 | Role: utente
[2026-05-29 16:30:32] GET: Encontradas 0 mensagens.
[2026-05-29 16:30:37] Request: GET | User ID: 1 | Role: utente
[2026-05-29 16:30:37] GET: Encontradas 0 mensagens.
[2026-05-29 16:30:42] Request: GET | User ID: 1 | Role: utente
[2026-05-29 16:30:42] GET: Encontradas 0 mensagens.
[2026-05-29 16:30:47] Request: GET | User ID: 1 | Role: utente
[2026-05-29 16:30:47] GET: Encontradas 0 mensagens.
[2026-05-29 16:30:52] Request: GET | User ID: 1 | Role: utente
[2026-05-29 16:30:52] GET: Encontradas 0 mensagens.
[2026-05-29 16:30:57] Request: GET | User ID: 1 | Role: utente
[2026-05-29 16:30:57] GET: Encontradas 0 mensagens.
[2026-05-29 16:31:02] Request: GET | User ID: 1 | Role: utente
[2026-05-29 16:31:02] GET: Encontradas 0 mensagens.
[2026-05-29 16:31:22] Request: GET | User ID: 1 | Role: utente
[2026-05-29 16:31:22] GET: Encontradas 0 mensagens.
[2026-05-29 16:31:26] Request: GET | User ID: 1 | Role: utente
[2026-05-29 16:31:26] GET: Encontradas 0 mensagens.
[2026-05-29 16:31:31] Request: GET | User ID: 1 | Role: utente
[2026-05-29 16:31:31] GET: Encontradas 0 mensagens.
[2026-05-29 16:31:36] Request: GET | User ID: 1 | Role: utente
[2026-05-29 16:31:36] GET: Encontradas 0 mensagens.
[2026-05-29 16:31:41] Request: GET | User ID: 1 | Role: utente
[2026-05-29 16:31:41] GET: Encontradas 0 mensagens.
[2026-05-29 16:31:46] Request: GET | User ID: 1 | Role: utente
[2026-05-29 16:31:46] GET: Encontradas 0 mensagens.
[2026-05-29 16:31:51] Request: GET | User ID: 1 | Role: utente
[2026-05-29 16:31:51] GET: Encontradas 0 mensagens.
[2026-05-29 16:31:56] Request: GET | User ID: 1 | Role: utente
[2026-05-29 16:31:56] GET: Encontradas 0 mensagens.
[2026-05-29 16:32:01] Request: GET | User ID: 1 | Role: utente
[2026-05-29 16:32:01] GET: Encontradas 0 mensagens.
[2026-05-29 16:32:06] Request: GET | User ID: 1 | Role: utente
[2026-05-29 16:32:06] GET: Encontradas 0 mensagens.
[2026-05-29 16:32:11] Request: GET | User ID: 1 | Role: utente
[2026-05-29 16:32:11] GET: Encontradas 0 mensagens.
[2026-05-29 16:32:16] Request: GET | User ID: 1 | Role: utente
[2026-05-29 16:32:16] GET: Encontradas 0 mensagens.
[2026-05-29 16:32:21] Request: GET | User ID: 1 | Role: utente
[2026-05-29 16:32:21] GET: Encontradas 0 mensagens.
[2026-05-29 16:32:26] Request: GET | User ID: 1 | Role: utente
[2026-05-29 16:32:26] GET: Encontradas 0 mensagens.
[2026-05-29 16:32:31] Request: GET | User ID: 1 | Role: utente
[2026-05-29 16:32:31] GET: Encontradas 0 mensagens.
[2026-05-29 16:32:36] Request: GET | User ID: 1 | Role: utente
[2026-05-29 16:32:36] GET: Encontradas 0 mensagens.
[2026-05-29 16:32:41] Request: GET | User ID: 1 | Role: utente
[2026-05-29 16:32:41] GET: Encontradas 0 mensagens.
[2026-05-29 16:32:46] Request: GET | User ID: 1 | Role: utente
[2026-05-29 16:32:46] GET: Encontradas 0 mensagens.
[2026-05-29 16:32:51] Request: GET | User ID: 1 | Role: utente
[2026-05-29 16:32:51] GET: Encontradas 0 mensagens.
[2026-05-29 16:32:56] Request: GET | User ID: 1 | Role: utente
[2026-05-29 16:32:56] GET: Encontradas 0 mensagens.
[2026-05-29 16:33:01] Request: GET | User ID: 1 | Role: utente
[2026-05-29 16:33:01] GET: Encontradas 0 mensagens.
[2026-05-29 16:33:06] Request: GET | User ID: 1 | Role: utente
[2026-05-29 16:33:06] GET: Encontradas 0 mensagens.
[2026-05-29 16:33:11] Request: GET | User ID: 1 | Role: utente
[2026-05-29 16:33:11] GET: Encontradas 0 mensagens.
[2026-05-29 16:33:16] Request: GET | User ID: 1 | Role: utente
[2026-05-29 16:33:16] GET: Encontradas 0 mensagens.
[2026-05-29 16:33:21] Request: GET | User ID: 1 | Role: utente
[2026-05-29 16:33:21] GET: Encontradas 0 mensagens.
[2026-05-29 16:33:26] Request: GET | User ID: 1 | Role: utente
[2026-05-29 16:33:26] GET: Encontradas 0 mensagens.
[2026-05-29 16:33:31] Request: GET | User ID: 1 | Role: utente
[2026-05-29 16:33:31] GET: Encontradas 0 mensagens.
[2026-05-29 16:33:36] Request: GET | User ID: 1 | Role: utente
[2026-05-29 16:33:36] GET: Encontradas 0 mensagens.
[2026-05-29 16:33:41] Request: GET | User ID: 1 | Role: utente
[2026-05-29 16:33:41] GET: Encontradas 0 mensagens.
[2026-05-29 16:33:46] Request: GET | User ID: 1 | Role: utente
[2026-05-29 16:33:46] GET: Encontradas 0 mensagens.
[2026-05-29 16:33:51] Request: GET | User ID: 1 | Role: utente
[2026-05-29 16:33:51] GET: Encontradas 0 mensagens.
[2026-05-29 16:33:56] Request: GET | User ID: 1 | Role: utente
[2026-05-29 16:33:56] GET: Encontradas 0 mensagens.
[2026-05-29 16:34:01] Request: GET | User ID: 1 | Role: utente
[2026-05-29 16:34:01] GET: Encontradas 0 mensagens.
[2026-05-29 16:34:06] Request: GET | User ID: 1 | Role: utente
[2026-05-29 16:34:06] GET: Encontradas 0 mensagens.
[2026-05-29 16:34:11] Request: GET | User ID: 1 | Role: utente
[2026-05-29 16:34:11] GET: Encontradas 0 mensagens.
[2026-05-29 16:34:16] Request: GET | User ID: 1 | Role: utente
[2026-05-29 16:34:16] GET: Encontradas 0 mensagens.
[2026-05-29 16:34:21] Request: GET | User ID: 1 | Role: utente
[2026-05-29 16:34:21] GET: Encontradas 0 mensagens.
[2026-05-29 16:34:26] Request: GET | User ID: 1 | Role: utente
[2026-05-29 16:34:26] GET: Encontradas 0 mensagens.
[2026-05-29 16:34:31] Request: GET | User ID: 1 | Role: utente
[2026-05-29 16:34:31] GET: Encontradas 0 mensagens.
[2026-05-29 16:34:36] Request: GET | User ID: 1 | Role: utente
[2026-05-29 16:34:36] GET: Encontradas 0 mensagens.
[2026-05-29 16:34:41] Request: GET | User ID: 1 | Role: utente
[2026-05-29 16:34:41] GET: Encontradas 0 mensagens.
[2026-05-29 16:34:46] Request: GET | User ID: 1 | Role: utente
[2026-05-29 16:34:46] GET: Encontradas 0 mensagens.
[2026-05-29 16:34:51] Request: GET | User ID: 1 | Role: utente
[2026-05-29 16:34:51] GET: Encontradas 0 mensagens.
[2026-05-29 16:34:56] Request: GET | User ID: 1 | Role: utente
[2026-05-29 16:34:56] GET: Encontradas 0 mensagens.
[2026-05-29 16:35:01] Request: GET | User ID: 1 | Role: utente
[2026-05-29 16:35:01] GET: Encontradas 0 mensagens.
[2026-05-29 16:35:06] Request: GET | User ID: 1 | Role: utente
[2026-05-29 16:35:06] GET: Encontradas 0 mensagens.
[2026-05-29 16:35:11] Request: GET | User ID: 1 | Role: utente
[2026-05-29 16:35:11] GET: Encontradas 0 mensagens.
[2026-05-29 16:35:16] Request: GET | User ID: 1 | Role: utente
[2026-05-29 16:35:16] GET: Encontradas 0 mensagens.
[2026-05-29 16:35:21] Request: GET | User ID: 1 | Role: utente
[2026-05-29 16:35:21] GET: Encontradas 0 mensagens.
[2026-05-29 16:35:26] Request: GET | User ID: 1 | Role: utente
[2026-05-29 16:35:26] GET: Encontradas 0 mensagens.
[2026-05-29 16:35:31] Request: GET | User ID: 1 | Role: utente
[2026-05-29 16:35:31] GET: Encontradas 0 mensagens.
[2026-05-29 16:35:36] Request: GET | User ID: 1 | Role: utente
[2026-05-29 16:35:36] GET: Encontradas 0 mensagens.
[2026-05-29 16:35:41] Request: GET | User ID: 1 | Role: utente
[2026-05-29 16:35:41] GET: Encontradas 0 mensagens.
[2026-05-29 16:35:46] Request: GET | User ID: 1 | Role: utente
[2026-05-29 16:35:46] GET: Encontradas 0 mensagens.
[2026-05-29 16:35:51] Request: GET | User ID: 1 | Role: utente
[2026-05-29 16:35:51] GET: Encontradas 0 mensagens.
[2026-05-29 16:35:56] Request: GET | User ID: 1 | Role: utente
[2026-05-29 16:35:56] GET: Encontradas 0 mensagens.
[2026-05-29 16:36:01] Request: GET | User ID: 1 | Role: utente
[2026-05-29 16:36:01] GET: Encontradas 0 mensagens.
[2026-05-29 16:36:06] Request: GET | User ID: 1 | Role: utente
[2026-05-29 16:36:06] GET: Encontradas 0 mensagens.
[2026-05-29 16:36:11] Request: GET | User ID: 1 | Role: utente
[2026-05-29 16:36:11] GET: Encontradas 0 mensagens.
[2026-05-29 16:36:16] Request: GET | User ID: 1 | Role: utente
[2026-05-29 16:36:16] GET: Encontradas 0 mensagens.
[2026-05-29 16:36:21] Request: GET | User ID: 1 | Role: utente
[2026-05-29 16:36:21] GET: Encontradas 0 mensagens.
[2026-05-29 16:36:26] Request: GET | User ID: 1 | Role: utente
[2026-05-29 16:36:26] GET: Encontradas 0 mensagens.
[2026-05-29 16:36:31] Request: GET | User ID: 1 | Role: utente
[2026-05-29 16:36:31] GET: Encontradas 0 mensagens.
[2026-05-29 16:36:36] Request: GET | User ID: 1 | Role: utente
[2026-05-29 16:36:36] GET: Encontradas 0 mensagens.
[2026-05-29 16:36:41] Request: GET | User ID: 1 | Role: utente
[2026-05-29 16:36:41] GET: Encontradas 0 mensagens.
[2026-05-29 16:36:46] Request: GET | User ID: 1 | Role: utente
[2026-05-29 16:36:46] GET: Encontradas 0 mensagens.
[2026-05-29 16:36:51] Request: GET | User ID: 1 | Role: utente
[2026-05-29 16:36:51] GET: Encontradas 0 mensagens.
[2026-05-29 16:36:56] Request: GET | User ID: 1 | Role: utente
[2026-05-29 16:36:56] GET: Encontradas 0 mensagens.
[2026-05-29 16:37:01] Request: GET | User ID: 1 | Role: utente
[2026-05-29 16:37:01] GET: Encontradas 0 mensagens.
[2026-05-29 16:37:06] Request: GET | User ID: 1 | Role: utente
[2026-05-29 16:37:06] GET: Encontradas 0 mensagens.
[2026-05-29 16:37:11] Request: GET | User ID: 1 | Role: utente
[2026-05-29 16:37:11] GET: Encontradas 0 mensagens.
[2026-05-29 16:37:16] Request: GET | User ID: 1 | Role: utente
[2026-05-29 16:37:16] GET: Encontradas 0 mensagens.
[2026-05-29 16:37:21] Request: GET | User ID: 1 | Role: utente
[2026-05-29 16:37:21] GET: Encontradas 0 mensagens.
[2026-05-29 16:37:26] Request: GET | User ID: 1 | Role: utente
[2026-05-29 16:37:26] GET: Encontradas 0 mensagens.
[2026-05-29 16:37:31] Request: GET | User ID: 1 | Role: utente
[2026-05-29 16:37:31] GET: Encontradas 0 mensagens.
[2026-05-29 16:37:36] Request: GET | User ID: 1 | Role: utente
[2026-05-29 16:37:36] GET: Encontradas 0 mensagens.
[2026-05-29 16:37:41] Request: GET | User ID: 1 | Role: utente
[2026-05-29 16:37:41] GET: Encontradas 0 mensagens.
[2026-05-29 16:37:46] Request: GET | User ID: 1 | Role: utente
[2026-05-29 16:37:46] GET: Encontradas 0 mensagens.
[2026-05-29 16:37:51] Request: GET | User ID: 1 | Role: utente
[2026-05-29 16:37:51] GET: Encontradas 0 mensagens.
[2026-05-29 16:37:56] Request: GET | User ID: 1 | Role: utente
[2026-05-29 16:37:56] GET: Encontradas 0 mensagens.
[2026-05-29 16:38:01] Request: GET | User ID: 1 | Role: utente
[2026-05-29 16:38:01] GET: Encontradas 0 mensagens.
[2026-05-29 16:38:06] Request: GET | User ID: 1 | Role: utente
[2026-05-29 16:38:06] GET: Encontradas 0 mensagens.
[2026-05-29 16:38:11] Request: GET | User ID: 1 | Role: utente
[2026-05-29 16:38:11] GET: Encontradas 0 mensagens.
[2026-05-29 16:38:16] Request: GET | User ID: 1 | Role: utente
[2026-05-29 16:38:16] GET: Encontradas 0 mensagens.
[2026-05-29 16:38:21] Request: GET | User ID: 1 | Role: utente
[2026-05-29 16:38:21] GET: Encontradas 0 mensagens.
[2026-05-29 16:38:26] Request: GET | User ID: 1 | Role: utente
[2026-05-29 16:38:26] GET: Encontradas 0 mensagens.
[2026-05-29 16:38:31] Request: GET | User ID: 1 | Role: utente
[2026-05-29 16:38:31] GET: Encontradas 0 mensagens.
[2026-05-29 16:38:36] Request: GET | User ID: 1 | Role: utente
[2026-05-29 16:38:36] GET: Encontradas 0 mensagens.
[2026-05-29 16:38:41] Request: GET | User ID: 1 | Role: utente
[2026-05-29 16:38:41] GET: Encontradas 0 mensagens.
[2026-05-29 16:38:46] Request: GET | User ID: 1 | Role: utente
[2026-05-29 16:38:46] GET: Encontradas 0 mensagens.
[2026-05-29 16:38:51] Request: GET | User ID: 1 | Role: utente
[2026-05-29 16:38:51] GET: Encontradas 0 mensagens.
[2026-05-29 16:38:56] Request: GET | User ID: 1 | Role: utente
[2026-05-29 16:38:56] GET: Encontradas 0 mensagens.
[2026-05-29 16:39:01] Request: GET | User ID: 1 | Role: utente
[2026-05-29 16:39:01] GET: Encontradas 0 mensagens.
[2026-05-29 16:39:06] Request: GET | User ID: 1 | Role: utente
[2026-05-29 16:39:06] GET: Encontradas 0 mensagens.
[2026-05-29 16:39:11] Request: GET | User ID: 1 | Role: utente
[2026-05-29 16:39:11] GET: Encontradas 0 mensagens.
[2026-05-29 16:39:16] Request: GET | User ID: 1 | Role: utente
[2026-05-29 16:39:16] GET: Encontradas 0 mensagens.
[2026-05-29 16:39:21] Request: GET | User ID: 1 | Role: utente
[2026-05-29 16:39:21] GET: Encontradas 0 mensagens.
[2026-05-29 16:39:26] Request: GET | User ID: 1 | Role: utente
[2026-05-29 16:39:26] GET: Encontradas 0 mensagens.
[2026-05-29 16:39:31] Request: GET | User ID: 1 | Role: utente
[2026-05-29 16:39:31] GET: Encontradas 0 mensagens.
[2026-05-29 16:39:36] Request: GET | User ID: 1 | Role: utente
[2026-05-29 16:39:36] GET: Encontradas 0 mensagens.
[2026-05-29 16:39:41] Request: GET | User ID: 1 | Role: utente
[2026-05-29 16:39:41] GET: Encontradas 0 mensagens.
[2026-05-29 16:39:46] Request: GET | User ID: 1 | Role: utente
[2026-05-29 16:39:46] GET: Encontradas 0 mensagens.
[2026-05-29 16:39:51] Request: GET | User ID: 1 | Role: utente
[2026-05-29 16:39:51] GET: Encontradas 0 mensagens.
[2026-05-29 16:39:56] Request: GET | User ID: 1 | Role: utente
[2026-05-29 16:39:56] GET: Encontradas 0 mensagens.
[2026-05-29 16:40:01] Request: GET | User ID: 1 | Role: utente
[2026-05-29 16:40:01] GET: Encontradas 0 mensagens.
[2026-05-29 16:40:06] Request: GET | User ID: 1 | Role: utente
[2026-05-29 16:40:06] GET: Encontradas 0 mensagens.
[2026-05-29 16:40:11] Request: GET | User ID: 1 | Role: utente
[2026-05-29 16:40:11] GET: Encontradas 0 mensagens.
[2026-05-29 16:40:16] Request: GET | User ID: 1 | Role: utente
[2026-05-29 16:40:16] GET: Encontradas 0 mensagens.
[2026-05-29 16:40:21] Request: GET | User ID: 1 | Role: utente
[2026-05-29 16:40:21] GET: Encontradas 0 mensagens.
[2026-05-29 16:40:26] Request: GET | User ID: 1 | Role: utente
[2026-05-29 16:40:26] GET: Encontradas 0 mensagens.
[2026-05-29 16:40:31] Request: GET | User ID: 1 | Role: utente
[2026-05-29 16:40:31] GET: Encontradas 0 mensagens.
[2026-05-29 16:40:36] Request: GET | User ID: 1 | Role: utente
[2026-05-29 16:40:36] GET: Encontradas 0 mensagens.
[2026-05-29 16:40:41] Request: GET | User ID: 1 | Role: utente
[2026-05-29 16:40:41] GET: Encontradas 0 mensagens.
[2026-05-29 16:40:46] Request: GET | User ID: 1 | Role: utente
[2026-05-29 16:40:46] GET: Encontradas 0 mensagens.
[2026-05-29 16:40:51] Request: GET | User ID: 1 | Role: utente
[2026-05-29 16:40:51] GET: Encontradas 0 mensagens.
[2026-05-29 16:40:56] Request: GET | User ID: 1 | Role: utente
[2026-05-29 16:40:56] GET: Encontradas 0 mensagens.
[2026-05-29 16:41:01] Request: GET | User ID: 1 | Role: utente
[2026-05-29 16:41:01] GET: Encontradas 0 mensagens.
[2026-05-29 16:41:06] Request: GET | User ID: 1 | Role: utente
[2026-05-29 16:41:06] GET: Encontradas 0 mensagens.
[2026-05-29 16:41:11] Request: GET | User ID: 1 | Role: utente
[2026-05-29 16:41:11] GET: Encontradas 0 mensagens.
[2026-05-29 16:41:16] Request: GET | User ID: 1 | Role: utente
[2026-05-29 16:41:16] GET: Encontradas 0 mensagens.
[2026-05-29 16:41:21] Request: GET | User ID: 1 | Role: utente
[2026-05-29 16:41:21] GET: Encontradas 0 mensagens.
[2026-05-29 16:41:26] Request: GET | User ID: 1 | Role: utente
[2026-05-29 16:41:26] GET: Encontradas 0 mensagens.
[2026-05-29 16:41:31] Request: GET | User ID: 1 | Role: utente
[2026-05-29 16:41:31] GET: Encontradas 0 mensagens.
[2026-05-29 16:41:36] Request: GET | User ID: 1 | Role: utente
[2026-05-29 16:41:36] GET: Encontradas 0 mensagens.
[2026-05-29 16:41:41] Request: GET | User ID: 1 | Role: utente
[2026-05-29 16:41:41] GET: Encontradas 0 mensagens.
[2026-05-29 16:41:47] Request: GET | User ID: 1 | Role: utente
[2026-05-29 16:41:47] GET: Encontradas 0 mensagens.
[2026-05-29 16:41:52] Request: GET | User ID: 1 | Role: utente
[2026-05-29 16:41:52] GET: Encontradas 0 mensagens.
[2026-05-29 16:41:57] Request: GET | User ID: 1 | Role: utente
[2026-05-29 16:41:57] GET: Encontradas 0 mensagens.
[2026-05-29 16:42:02] Request: GET | User ID: 1 | Role: utente
[2026-05-29 16:42:02] GET: Encontradas 0 mensagens.
[2026-05-29 16:42:07] Request: GET | User ID: 1 | Role: utente
[2026-05-29 16:42:07] GET: Encontradas 0 mensagens.
[2026-05-29 16:42:12] Request: GET | User ID: 1 | Role: utente
[2026-05-29 16:42:12] GET: Encontradas 0 mensagens.
[2026-05-29 16:42:18] Request: GET | User ID: 1 | Role: utente
[2026-05-29 16:42:18] GET: Encontradas 0 mensagens.
[2026-05-29 16:42:23] Request: GET | User ID: 1 | Role: utente
[2026-05-29 16:42:23] GET: Encontradas 0 mensagens.
[2026-05-29 16:42:27] Request: GET | User ID: 1 | Role: utente
[2026-05-29 16:42:27] GET: Encontradas 0 mensagens.
[2026-05-29 16:42:32] Request: GET | User ID: 1 | Role: utente
[2026-05-29 16:42:32] GET: Encontradas 0 mensagens.
[2026-05-29 16:42:39] Request: GET | User ID: 1 | Role: utente
[2026-05-29 16:42:39] GET: Encontradas 0 mensagens.
[2026-05-29 16:42:44] Request: GET | User ID: 1 | Role: utente
[2026-05-29 16:42:44] GET: Encontradas 0 mensagens.
[2026-05-29 16:43:30] Request: GET | User ID: 1 | Role: utente
[2026-05-29 16:43:30] GET: Encontradas 0 mensagens.
[2026-05-29 16:44:30] Request: GET | User ID: 1 | Role: utente
[2026-05-29 16:44:30] GET: Encontradas 0 mensagens.
[2026-05-29 16:45:30] Request: GET | User ID: 1 | Role: utente
[2026-05-29 16:45:30] GET: Encontradas 0 mensagens.
[2026-05-29 16:46:30] Request: GET | User ID: 1 | Role: utente
[2026-05-29 16:46:30] GET: Encontradas 0 mensagens.
[2026-05-29 16:47:30] Request: GET | User ID: 1 | Role: utente
[2026-05-29 16:47:30] GET: Encontradas 0 mensagens.
[2026-05-29 16:48:30] Request: GET | User ID: 1 | Role: utente
[2026-05-29 16:48:30] GET: Encontradas 0 mensagens.
[2026-05-29 16:49:30] Request: GET | User ID: 1 | Role: utente
[2026-05-29 16:49:30] GET: Encontradas 0 mensagens.
[2026-05-29 16:50:30] Request: GET | User ID: 1 | Role: utente
[2026-05-29 16:50:30] GET: Encontradas 0 mensagens.
[2026-05-29 16:51:30] Request: GET | User ID: 1 | Role: utente
[2026-05-29 16:51:30] GET: Encontradas 0 mensagens.
[2026-05-29 16:51:47] Request: GET | User ID: 1 | Role: utente
[2026-05-29 16:51:47] GET: Encontradas 0 mensagens.
[2026-05-29 16:51:48] Request: GET | User ID: 1 | Role: utente
[2026-05-29 16:51:48] GET: Encontradas 0 mensagens.
[2026-05-29 16:51:53] Request: GET | User ID: 1 | Role: utente
[2026-05-29 16:51:53] GET: Encontradas 0 mensagens.
[2026-05-29 16:51:58] Request: GET | User ID: 1 | Role: utente
[2026-05-29 16:51:58] GET: Encontradas 0 mensagens.
[2026-05-29 16:52:03] Request: GET | User ID: 1 | Role: utente
[2026-05-29 16:52:03] GET: Encontradas 0 mensagens.
[2026-05-29 16:52:08] Request: GET | User ID: 1 | Role: utente
[2026-05-29 16:52:08] GET: Encontradas 0 mensagens.
[2026-05-29 16:52:13] Request: GET | User ID: 1 | Role: utente
[2026-05-29 16:52:13] GET: Encontradas 0 mensagens.
[2026-05-29 16:52:19] Request: GET | User ID: 1 | Role: utente
[2026-05-29 16:52:19] GET: Encontradas 0 mensagens.
[2026-05-29 16:52:24] Request: GET | User ID: 1 | Role: utente
[2026-05-29 16:52:24] GET: Encontradas 0 mensagens.
[2026-05-29 16:52:29] Request: GET | User ID: 1 | Role: utente
[2026-05-29 16:52:29] GET: Encontradas 0 mensagens.
[2026-05-29 16:52:34] Request: GET | User ID: 1 | Role: utente
[2026-05-29 16:52:34] GET: Encontradas 0 mensagens.
[2026-05-29 16:52:39] Request: GET | User ID: 1 | Role: utente
[2026-05-29 16:52:39] GET: Encontradas 0 mensagens.
[2026-05-29 16:52:44] Request: GET | User ID: 1 | Role: utente
[2026-05-29 16:52:44] GET: Encontradas 0 mensagens.
[2026-05-29 16:52:49] Request: GET | User ID: 1 | Role: utente
[2026-05-29 16:52:49] GET: Encontradas 0 mensagens.
[2026-05-29 16:52:54] Request: GET | User ID: 1 | Role: utente
[2026-05-29 16:52:54] GET: Encontradas 0 mensagens.
[2026-05-29 16:52:59] Request: GET | User ID: 1 | Role: utente
[2026-05-29 16:52:59] GET: Encontradas 0 mensagens.
[2026-05-29 16:53:04] Request: GET | User ID: 1 | Role: utente
[2026-05-29 16:53:04] GET: Encontradas 0 mensagens.
[2026-05-29 16:53:09] Request: GET | User ID: 1 | Role: utente
[2026-05-29 16:53:09] GET: Encontradas 0 mensagens.
[2026-05-29 16:53:14] Request: GET | User ID: 1 | Role: utente
[2026-05-29 16:53:14] GET: Encontradas 0 mensagens.
[2026-05-29 16:53:30] Request: GET | User ID: 1 | Role: utente
[2026-05-29 16:53:30] GET: Encontradas 0 mensagens.
[2026-05-29 16:54:30] Request: GET | User ID: 1 | Role: utente
[2026-05-29 16:54:30] GET: Encontradas 0 mensagens.
[2026-05-29 16:55:30] Request: GET | User ID: 1 | Role: utente
[2026-05-29 16:55:30] GET: Encontradas 0 mensagens.
[2026-05-29 16:55:36] Request: GET | User ID: 1 | Role: utente
[2026-05-29 16:55:36] GET: Encontradas 0 mensagens.
[2026-05-29 16:55:39] Request: GET | User ID: 1 | Role: utente
[2026-05-29 16:55:39] GET: Encontradas 0 mensagens.
[2026-05-29 16:55:44] Request: GET | User ID: 1 | Role: utente
[2026-05-29 16:55:44] GET: Encontradas 0 mensagens.
[2026-05-29 16:55:49] Request: GET | User ID: 1 | Role: utente
[2026-05-29 16:55:49] GET: Encontradas 0 mensagens.
[2026-05-29 16:55:54] Request: GET | User ID: 1 | Role: utente
[2026-05-29 16:55:54] GET: Encontradas 0 mensagens.
[2026-05-29 16:55:59] Request: GET | User ID: 1 | Role: utente
[2026-05-29 16:55:59] GET: Encontradas 0 mensagens.
[2026-05-29 16:56:04] Request: GET | User ID: 1 | Role: utente
[2026-05-29 16:56:04] GET: Encontradas 0 mensagens.
[2026-05-29 16:56:09] Request: GET | User ID: 1 | Role: utente
[2026-05-29 16:56:09] GET: Encontradas 0 mensagens.
[2026-05-29 16:56:14] Request: GET | User ID: 1 | Role: utente
[2026-05-29 16:56:14] GET: Encontradas 0 mensagens.
[2026-05-29 16:56:19] Request: GET | User ID: 1 | Role: utente
[2026-05-29 16:56:19] GET: Encontradas 0 mensagens.
[2026-05-29 16:56:24] Request: GET | User ID: 1 | Role: utente
[2026-05-29 16:56:24] GET: Encontradas 0 mensagens.
[2026-05-29 16:56:29] Request: GET | User ID: 1 | Role: utente
[2026-05-29 16:56:29] GET: Encontradas 0 mensagens.
[2026-05-29 16:56:34] Request: GET | User ID: 1 | Role: utente
[2026-05-29 16:56:34] GET: Encontradas 0 mensagens.
[2026-05-29 16:57:13] Request: GET | User ID: 1 | Role: utente
[2026-05-29 16:57:13] GET: Encontradas 0 mensagens.
[2026-05-29 16:57:51] Request: GET | User ID: 1 | Role: utente
[2026-05-29 16:57:51] GET: Encontradas 0 mensagens.
[2026-05-29 16:58:41] Request: GET | User ID: 1 | Role: utente
[2026-05-29 16:58:41] GET: Encontradas 0 mensagens.
[2026-05-29 16:58:46] Request: GET | User ID: 1 | Role: utente
[2026-05-29 16:58:46] GET: Encontradas 0 mensagens.
[2026-05-29 16:58:50] Request: GET | User ID: 1 | Role: utente
[2026-05-29 16:58:50] GET: Encontradas 0 mensagens.
[2026-05-29 17:03:37] Request: GET | User ID: 1 | Role: utente
[2026-05-29 17:03:37] GET: Encontradas 0 mensagens.
[2026-06-09 18:16:01] Request: GET | User ID: 1 | Role: utente
[2026-06-09 18:16:01] GET: Encontradas 0 mensagens.
